// Vitest Snapshot v1, https://vitest.dev/guide/snapshot.html

exports[`MCP Enrichment Tests (Express.js Bench) > get_call_hierarchy for "createApplication" 1`] = `
{
  "_token_count": 38,
  "_truncated": false,
  "incoming": [],
  "outgoing": [
    {
      "filePath": "lib/application.js",
      "id": "symbol:17c1ca7f_app_handle_method_10",
      "kind": "method",
      "name": "app.handle",
    },
  ],
  "symbol": "createApplication",
}
`;

exports[`MCP Enrichment Tests (Express.js Bench) > get_context_bundle for "createApplication" 1`] = `
{
  "_token_count": 75,
  "_truncated": false,
  "dependencies": [
    {
      "kind": "method",
      "name": "app.handle",
      "signature": "app.handle = function handle(req, res, callback)",
    },
  ],
  "target": {
    "code": "function createApplication() {
  var app = function(req, res, next) {
    app.handle(req, res, next);
  };
  return app;
}",
    "filePath": "lib/express.js",
    "kind": "function",
    "name": "createApplication",
  },
}
`;

exports[`MCP Enrichment Tests (Express.js Bench) > get_file_symbols for lib/express.js 1`] = `
{
  "_token_count": 276,
  "_truncated": false,
  "file": "lib/express.js",
  "symbols": [
    {
      "endCol": 4,
      "endLine": 15,
      "fileId": "file:lib_express_js",
      "id": "symbol:d4499403_app_function_13",
      "isExported": false,
      "kind": "function",
      "metadata": {},
      "modifiers": [],
      "name": "app",
      "signature": "var app = function(req, res, next)",
      "startCol": 2,
      "startLine": 13,
      "type": "symbol",
    },
    {
      "endCol": 40,
      "endLine": 2,
      "fileId": "file:lib_express_js",
      "id": "symbol:d4499403_bodyParser_variable_2",
      "isExported": false,
      "kind": "variable",
      "metadata": {},
      "modifiers": [],
      "name": "bodyParser",
      "signature": "var bodyParser = require('body-parser');",
      "startCol": 0,
      "startLine": 2,
      "type": "symbol",
    },
    {
      "docstring": "/**
 * Create an express application.
 *
 * @return {Function}
 * @api public
 */",
      "endCol": 1,
      "endLine": 17,
      "fileId": "file:lib_express_js",
      "id": "symbol:d4499403_createApplication_function_12",
      "isExported": false,
      "kind": "function",
      "metadata": {},
      "modifiers": [],
      "name": "createApplication",
      "signature": "function createApplication()",
      "startCol": 0,
      "startLine": 12,
      "type": "symbol",
    },
    {
      "endCol": 33,
      "endLine": 3,
      "fileId": "file:lib_express_js",
      "id": "symbol:d4499403_router_variable_3",
      "isExported": false,
      "kind": "variable",
      "metadata": {},
      "modifiers": [],
      "name": "router",
      "signature": "var router = require('./router');",
      "startCol": 0,
      "startLine": 3,
      "type": "symbol",
    },
  ],
}
`;

exports[`MCP Enrichment Tests (Express.js Bench) > inspect_targets (file and symbol) 1`] = `
{
  "_token_count": 94,
  "_truncated": false,
  "results": [
    {
      "exports": [],
      "id": "file:lib_express_js",
      "path": "lib/express.js",
      "type": "file",
    },
    {
      "definitions": [
        {
          "docstring": "/**
 * Create an express application.
 *
 * @return {Function}
 * @api public
 */",
          "filePath": "lib/express.js",
          "id": "symbol:d4499403_createApplication_function_12",
          "kind": "function",
          "name": "createApplication",
          "signature": "function createApplication()",
        },
      ],
      "name": "createApplication",
      "type": "symbol",
    },
  ],
}
`;
